Microsoft Windows [Version 10.0.19042.804]
(c) 2020 Microsoft Corporation. All rights reserved.

C:\Users\TOFE\Desktop\tofe\contracts>truffle migrate --reset

Compiling your contracts...
===========================
> Compiling .\contracts\car.sol
> Compilation warnings encountered:

    /C/Users/TOFE/Desktop/tofe/contracts/car.sol: Warning: SPDX license identifier not provided in source file. Before publishing, consider adding a comment containing "SPDX-License-Identifier: <SDX-License>" to each source file. Use "SPDX-License-Identifier: UNLICENSED" for non-open-source code. Please see https://spdx.org for more information.
,/C/Users/TOFE/Desktop/tofe/contracts/car.sol: Warning: Source file does not specify required compiler version! Consider adding "pragma solidity ^0.7.0;"

> Everything is up to date, there is nothing to compile.



Starting migrations...
======================
> Network name:    'ganache'
> Network id:      5777
> Block gas limit: 6721975 (0x6691b7)


1_initial_migration.js
======================

   Replacing 'Migrations'
   ----------------------
   > transaction hash:    0xc7eb01d89960009094889ec78233b62df15890050caeae15af7ef6d3bd813852
   > Blocks: 0            Seconds: 0
   > contract address:    0x6878CFEAA7FAa2325600c09E9a952059795B7874
   > block number:        3
   > block timestamp:     1615295787
   > account:             0x57b2a4d1e391D826573e2c3Ab53aBF0daE12105a
   > balance:             415.99167526
   > gas used:            186951 (0x2da47)
   > gas price:           20 gwei
   > value sent:          0 ETH
   > total cost:          0.00373902 ETH


   > Saving migration to chain.
   > Saving artifacts
   -------------------------------------
   > Total cost:          0.00373902 ETH


2_initial_car.js
================

C:\Users\TOFE\AppData\Roaming\npm\node_modules\truffle\build\459.bundled.js:25222
        throw new Error("Could not find artifacts for " + import_path + " from any sources");
        ^

Error: Could not find artifacts for Cars from any sources
    at Resolver.require (C:\Users\TOFE\AppData\Roaming\npm\node_modules\truffle\build\webpack:\packages\resolver\dist\lib\resolver.js:61:1)
    at Object.require (C:\Users\TOFE\AppData\Roaming\npm\node_modules\truffle\build\webpack:\packages\migrate\index.js:172:1)
    at ResolverIntercept.require (C:\Users\TOFE\AppData\Roaming\npm\node_modules\truffle\build\webpack:\packages\migrate\ResolverIntercept.js:22:1)
    at C:\Users\TOFE\Desktop\tofe\migrations\2_initial_car.js:1:24
    at Script.runInContext (vm.js:143:18)
    at Script.runInNewContext (vm.js:148:17)
    at Object.file (C:\Users\TOFE\AppData\Roaming\npm\node_modules\truffle\build\webpack:\packages\require\require.js:94:1)
    at Migration._load (C:\Users\TOFE\AppData\Roaming\npm\node_modules\truffle\build\webpack:\packages\migrate\Migration.js:49:1)
    at processTicksAndRejections (internal/process/task_queues.js:93:5)
    at Migration.run (C:\Users\TOFE\AppData\Roaming\npm\node_modules\truffle\build\webpack:\packages\migrate\Migration.js:212:1)
    at Object.runMigrations (C:\Users\TOFE\AppData\Roaming\npm\node_modules\truffle\build\webpack:\packages\migrate\index.js:150:1)
    at Object.runFrom (C:\Users\TOFE\AppData\Roaming\npm\node_modules\truffle\build\webpack:\packages\migrate\index.js:110:1)
    at Object.runAll (C:\Users\TOFE\AppData\Roaming\npm\node_modules\truffle\build\webpack:\packages\migrate\index.js:114:1)
    at Object.run (C:\Users\TOFE\AppData\Roaming\npm\node_modules\truffle\build\webpack:\packages\migrate\index.js:79:1)
    at runMigrations (C:\Users\TOFE\AppData\Roaming\npm\node_modules\truffle\build\webpack:\packages\core\lib\commands\migrate.js:263:1)
    at Object.run (C:\Users\TOFE\AppData\Roaming\npm\node_modules\truffle\build\webpack:\packages\core\lib\commands\migrate.js:228:1)
    at Command.run (C:\Users\TOFE\AppData\Roaming\npm\node_modules\truffle\build\webpack:\packages\core\lib\command.js:136:1)
Truffle v5.2.3 (core: 5.2.3)
Node v14.15.5

C:\Users\TOFE\Desktop\tofe\contracts>truffle
Truffle v5.2.3 - a development framework for Ethereum

Usage: truffle <command> [options]

Commands:
  build     Execute build pipeline (if configuration present)
  compile   Compile contract source files
  config    Set user-level configuration options
  console   Run a console with contract abstractions and commands available
  create    Helper to create new contracts, migrations and tests
  db        Database interface commands
  debug     Interactively debug any transaction on the blockchain
  deploy    (alias for migrate)
  develop   Open a console with a local development blockchain
  exec      Execute a JS module within this Truffle environment
  help      List all commands or provide information about a specific command
  init      Initialize new and empty Ethereum project
  install   Install a package from the Ethereum Package Registry
  migrate   Run migrations to deploy contracts
  networks  Show addresses for deployed contracts on each network
  obtain    Fetch and cache a specified compiler
  opcode    Print the compiled opcodes for a given contract
  publish   Publish a package to the Ethereum Package Registry
  run       Run a third-party command
  test      Run JavaScript and Solidity tests
  unbox     Download a Truffle Box, a pre-built Truffle project
  version   Show version number and exit
  watch     Watch filesystem for changes and rebuild the project automatically

See more at http://trufflesuite.com/docs


C:\Users\TOFE\Desktop\tofe\contracts>cd ..

C:\Users\TOFE\Desktop\tofe>truffle migrate --reset

Compiling your contracts...
===========================
> Compiling .\contracts\car.sol
> Artifacts written to C:\Users\TOFE\Desktop\tofe\build\contracts
> Compiled successfully using:
   - solc: 0.7.0+commit.9e61f92b.Emscripten.clang



Starting migrations...
======================
> Network name:    'ganache'
> Network id:      5777
> Block gas limit: 6721975 (0x6691b7)


1_initial_migration.js
======================

   Replacing 'Migrations'
   ----------------------
   > transaction hash:    0x380f11e1ae16104468a999fb3d38cd027f00f01b86f45b494e3c5fb8b3767c5e
   > Blocks: 0            Seconds: 0
   > contract address:    0x054771F0759e09A0c0E61D4960a9e841b80Def18
   > block number:        5
   > block timestamp:     1615296177
   > account:             0x57b2a4d1e391D826573e2c3Ab53aBF0daE12105a
   > balance:             415.98708954
   > gas used:            186951 (0x2da47)
   > gas price:           20 gwei
   > value sent:          0 ETH
   > total cost:          0.00373902 ETH


   > Saving migration to chain.
   > Saving artifacts
   -------------------------------------
   > Total cost:          0.00373902 ETH


2_initial_Cars.js
=================

   Deploying 'Cars'
   ----------------
   > transaction hash:    0x5edb101057d7a6b0cce658484e1647735f8653a6ff42e32e2868d266372705b1
   > Blocks: 0            Seconds: 0
   > contract address:    0xAf15EB522A2f1E4808322fEB98052035dfECe46a
   > block number:        7
   > block timestamp:     1615296178
   > account:             0x57b2a4d1e391D826573e2c3Ab53aBF0daE12105a
   > balance:             415.96990938
   > gas used:            816673 (0xc7621)
   > gas price:           20 gwei
   > value sent:          0 ETH
   > total cost:          0.01633346 ETH


   > Saving migration to chain.
   > Saving artifacts
   -------------------------------------
   > Total cost:          0.01633346 ETH


Summary
=======
> Total deployments:   2
> Final cost:          0.02007248 ETH



C:\Users\TOFE\Desktop\tofe>truffle test
Using network 'test'.


Compiling your contracts...
===========================
> Compiling ./test/contracts/Migrations.sol
> Compiling ./test/contracts/Cars.sol
> Compilation warnings encountered:

    /Users/Tofe/Desktop/week6/test/contracts/in.sol:73:5: Warning: Visibility for constructor is ignored. If you want the contract to be non-deployable, making it "abstract" is sufficient.
    constructor() public{
    ^ (Relevant source part starts here and spans across multiple lines).

> Artifacts written to /var/folders/82/rn1v8lp500l31ncgkl619z5h0000gn/T/test--68901-py5e9U73JMYP
> Compiled successfully using:
   - solc: 0.7.0+commit.9e61f92b.Emscripten.clang



  Contract: Cars
    ✓ should add a car (640ms)
    ✓ is for sale (917ms)
    1) Sold the car to user2

    Events emitted during test:
    ---------------------------

    Cars.CarLoaded(
      name: 'BNZ' (type: string),
      year: 2020 (type: uint256),
      amount: 7000000000000000000 (type: uint256)
    )


    ---------------------------


  2 passing (4s)
  1 failing

  1) Contract: Cars
       Sold the car to user2:

      AssertionError: expected '0x0000000000000000000000000000000000000000' to equal '0xAf15EB522A2f1E4808322fEB98052035dfECe46a'
      + expected - actual

      -0x0000000000000000000000000000000000000000
      +0xb0B795Fe691c0d2678d969e37f7E79A97D4d7eA7
      
      at Context.<anonymous> (test/test/test.js:49:20)
      at processTicksAndRejections (internal/process/task_queues.js:93:5)




truffle(develop)> 


